// Jest Snapshot v1, https://goo.gl/fbAQLP

exports[`succesfuly render currency list 1`] = `ShallowWrapper {}`;
